// Jest Snapshot v1, https://goo.gl/fbAQLP

exports[`should render Source correctly 1`] = `
<ContextProvider
  value={Array []}
>
  <ContextProvider
    value={[Function]}
  >
    <Source
      source={
        Object {
          "id": 2,
          "proper_source": "Slate",
          "source": "slate",
        }
      }
    />
  </ContextProvider>
</ContextProvider>
`;
